--------------------------------------------------
 Marvellous Automation Script 
--------------------------------------------------

 Files from the directory are: 

--------------------------------------------------
Marvellous/.DS_Store : 6148 bytes 
Marvellous/Mumbai/.DS_Store : 6148 bytes 
Marvellous/Mumbai/File_Read_TellX.py : 518 bytes 
Marvellous/Mumbai/File_Read_SeekX.py : 384 bytes 
Marvellous/Mumbai/File_ReadX.py : 309 bytes 
Marvellous/Mumbai/File_Read_Seek.py : 407 bytes 
Marvellous/Mumbai/File_Read.py : 311 bytes 
Marvellous/Mumbai/File_Read_Tell.py : 405 bytes 
Marvellous/Pune/.DS_Store : 6148 bytes 
Marvellous/Pune/Schedule1.py : 150 bytes 
Marvellous/Pune/Schedule4.py : 354 bytes 
Marvellous/Pune/Schedule3.py : 352 bytes 
Marvellous/Pune/Schedule2.py : 275 bytes 
Marvellous/Satara/AutomationScript4.py : 737 bytes 
Marvellous/Satara/AutomationScript1.py : 173 bytes 
Marvellous/Satara/.DS_Store : 6148 bytes 
Marvellous/Satara/AutomationScript2.py : 240 bytes 
Marvellous/Satara/AutomationScript3.py : 494 bytes 
--------------------------------------------------
Total File Scanned : 18
Total Empty Files and Deleted : 0
--------------------------------------------------
Log file gets created at: Sun Jul 19 21:06:53 2026
--------------------------------------------------
